{
  "gameId" : "e37eebf3-5c45-41ff-b9a9-be5a97666892",
  "gameCode" : "SLICE998",
  "players" : [ {
    "id" : "2cc9ffcb-2b0d-4c1a-9ab2-ed111070096a",
    "name" : "Ben",
    "scores" : [ 0, 0, 0, 0, 0, 0, 0, 0, 0 ]
  }, {
    "id" : "d7528c32-ecc6-462e-8f1b-c8b48680f337",
    "name" : "Ben1",
    "scores" : [ 0, 0, 0, 0, 0, 0, 0, 0, 0 ]
  }, {
    "id" : "7222c855-6cf0-4c8f-8da4-785ad755be63",
    "name" : "Ben2",
    "scores" : [ 0, 0, 0, 0, 0, 0, 0, 0, 0 ]
  }, {
    "id" : "5714220e-0256-460f-ab31-0cba3a6fef21",
    "name" : "Ben3",
    "scores" : [ 0, 0, 0, 0, 0, 0, 0, 0, 0 ]
  }, {
    "id" : "f77afb96-d584-4021-b12a-b35cc173408d",
    "name" : "Ben4",
    "scores" : [ 0, 0, 0, 0, 0, 0, 0, 0, 0 ]
  }, {
    "id" : "dffb124b-7146-466b-9a15-0114e24bd55a",
    "name" : "Ben5",
    "scores" : [ 0, 0, 0, 0, 0, 0, 0, 0, 0 ]
  }, {
    "id" : "6f69a562-2d00-4698-8019-84e813454626",
    "name" : "Ben6",
    "scores" : [ 0, 0, 0, 0, 0, 0, 0, 0, 0 ]
  }, {
    "id" : "a5d11b3e-c160-4dda-a2f7-768ac3848429",
    "name" : "Ben7",
    "scores" : [ 0, 0, 0, 0, 0, 0, 0, 0, 0 ]
  }, {
    "id" : "6ee38b2e-31ea-49ad-9040-77eea58db730",
    "name" : "Ben8",
    "scores" : [ 0, 0, 0, 0, 0, 0, 0, 0, 0 ]
  }, {
    "id" : "b41950b1-b036-4276-a1f8-60429091ddfa",
    "name" : "Ben9",
    "scores" : [ 0, 0, 0, 0, 0, 0, 0, 0, 0 ]
  } ]
}