{
  "openapi" : "3.1.0",
  "info" : {
    "title" : "Pub Golf",
    "description" : "API's to power Pub Golf Application",
    "contact" : {
      "name" : "Ben Suskins",
      "email" : "development@suskins.co.uk"
    },
    "version" : "1.0.0"
  },
  "servers" : [ {
    "url" : "http://localhost:8080",
    "description" : "Generated server url"
  } ],
  "paths" : {
    "/api/v1/games" : {
      "post" : {
        "tags" : [ "game-controller" ],
        "operationId" : "createGame",
        "requestBody" : {
          "content" : {
            "application/json" : {
              "schema" : {
                "$ref" : "#/components/schemas/GameRequest"
              }
            }
          },
          "required" : true
        },
        "responses" : {
          "201" : {
            "description" : "Game created",
            "content" : {
              "application/json" : {
                "schema" : {
                  "$ref" : "#/components/schemas/CreateGameResponse"
                }
              }
            }
          },
          "400" : {
            "description" : "Invalid argument",
            "content" : {
              "application/json" : {
                "schema" : {
                  "$ref" : "#/components/schemas/ErrorResponse"
                }
              }
            }
          },
          "500" : {
            "description" : "Internal Server Error",
            "content" : {
              "application/json" : {
                "schema" : {
                  "$ref" : "#/components/schemas/ErrorResponse"
                }
              }
            }
          }
        }
      }
    },
    "/api/v1/games/{gameCode}/players/{playerId}/scores" : {
      "post" : {
        "tags" : [ "game-controller" ],
        "operationId" : "submitScore-_YZ3NN4",
        "parameters" : [ {
          "name" : "gameCode",
          "in" : "path",
          "required" : true,
          "schema" : {
            "type" : "string"
          }
        }, {
          "name" : "playerId",
          "in" : "path",
          "required" : true,
          "schema" : {
            "type" : "string",
            "format" : "uuid"
          }
        } ],
        "requestBody" : {
          "content" : {
            "application/json" : {
              "schema" : {
                "$ref" : "#/components/schemas/ScoreRequest"
              }
            }
          },
          "required" : true
        },
        "responses" : {
          "204" : {
            "description" : "Score submitted",
            "content" : {
              "*/*" : {
                "schema" : {
                  "type" : "object"
                }
              }
            }
          },
          "400" : {
            "description" : "Invalid argument",
            "content" : {
              "application/json" : {
                "schema" : {
                  "$ref" : "#/components/schemas/ErrorResponse"
                }
              }
            }
          },
          "404" : {
            "description" : "Game or Player not found",
            "content" : {
              "application/json" : {
                "schema" : {
                  "$ref" : "#/components/schemas/ErrorResponse"
                }
              }
            }
          },
          "500" : {
            "description" : "Internal Server Error",
            "content" : {
              "application/json" : {
                "schema" : {
                  "$ref" : "#/components/schemas/ErrorResponse"
                }
              }
            }
          }
        }
      }
    },
    "/api/v1/games/{gameCode}/players/{playerId}/randomise" : {
      "post" : {
        "tags" : [ "game-controller" ],
        "operationId" : "randomise-EHXYgIk",
        "parameters" : [ {
          "name" : "gameCode",
          "in" : "path",
          "required" : true,
          "schema" : {
            "type" : "string"
          }
        }, {
          "name" : "playerId",
          "in" : "path",
          "required" : true,
          "schema" : {
            "type" : "string",
            "format" : "uuid"
          }
        } ],
        "responses" : {
          "200" : {
            "description" : "Randomise result",
            "content" : {
              "application/json" : {
                "schema" : {
                  "$ref" : "#/components/schemas/RandomiseResponse"
                }
              }
            }
          },
          "400" : {
            "description" : "Invalid argument",
            "content" : {
              "application/json" : {
                "schema" : {
                  "$ref" : "#/components/schemas/ErrorResponse"
                }
              }
            }
          },
          "404" : {
            "description" : "Game or Player not found",
            "content" : {
              "application/json" : {
                "schema" : {
                  "$ref" : "#/components/schemas/ErrorResponse"
                }
              }
            }
          },
          "409" : {
            "description" : "You've already used this",
            "content" : {
              "application/json" : {
                "schema" : {
                  "$ref" : "#/components/schemas/ErrorResponse"
                }
              }
            }
          },
          "500" : {
            "description" : "Internal Server Error",
            "content" : {
              "application/json" : {
                "schema" : {
                  "$ref" : "#/components/schemas/ErrorResponse"
                }
              }
            }
          }
        }
      }
    },
    "/api/v1/games/{gameCode}/join" : {
      "post" : {
        "tags" : [ "game-controller" ],
        "operationId" : "joinGame-fOdNj2Q",
        "parameters" : [ {
          "name" : "gameCode",
          "in" : "path",
          "required" : true,
          "schema" : {
            "type" : "string"
          }
        } ],
        "requestBody" : {
          "content" : {
            "application/json" : {
              "schema" : {
                "$ref" : "#/components/schemas/GameJoinRequest"
              }
            }
          },
          "required" : true
        },
        "responses" : {
          "200" : {
            "description" : "Game joined",
            "content" : {
              "application/json" : {
                "schema" : {
                  "$ref" : "#/components/schemas/JoinGameResponse"
                }
              }
            }
          },
          "400" : {
            "description" : "Invalid argument",
            "content" : {
              "application/json" : {
                "schema" : {
                  "$ref" : "#/components/schemas/ErrorResponse"
                }
              }
            }
          },
          "404" : {
            "description" : "Game not found",
            "content" : {
              "application/json" : {
                "schema" : {
                  "$ref" : "#/components/schemas/ErrorResponse"
                }
              }
            }
          },
          "500" : {
            "description" : "Internal Server Error",
            "content" : {
              "application/json" : {
                "schema" : {
                  "$ref" : "#/components/schemas/ErrorResponse"
                }
              }
            }
          }
        }
      }
    },
    "/api/v1/games/{gameCode}/events/{eventId}/activate" : {
      "post" : {
        "tags" : [ "game-controller" ],
        "operationId" : "activateEvent-oU5FXdQ",
        "parameters" : [ {
          "name" : "gameCode",
          "in" : "path",
          "required" : true,
          "schema" : {
            "type" : "string"
          }
        }, {
          "name" : "eventId",
          "in" : "path",
          "required" : true,
          "schema" : {
            "type" : "string"
          }
        } ],
        "requestBody" : {
          "content" : {
            "application/json" : {
              "schema" : {
                "$ref" : "#/components/schemas/ActivateEventRequest"
              }
            }
          },
          "required" : true
        },
        "responses" : {
          "200" : {
            "description" : "Event activated",
            "content" : {
              "application/json" : {
                "schema" : {
                  "$ref" : "#/components/schemas/GameStateResponse"
                }
              }
            }
          },
          "403" : {
            "description" : "Not the host",
            "content" : {
              "application/json" : {
                "schema" : {
                  "$ref" : "#/components/schemas/ErrorResponse"
                }
              }
            }
          },
          "404" : {
            "description" : "Game or event not found",
            "content" : {
              "application/json" : {
                "schema" : {
                  "$ref" : "#/components/schemas/ErrorResponse"
                }
              }
            }
          },
          "409" : {
            "description" : "Event already active",
            "content" : {
              "application/json" : {
                "schema" : {
                  "$ref" : "#/components/schemas/ErrorResponse"
                }
              }
            }
          }
        }
      }
    },
    "/api/v1/games/{gameCode}/events/end" : {
      "post" : {
        "tags" : [ "game-controller" ],
        "operationId" : "endEvent-fOdNj2Q",
        "parameters" : [ {
          "name" : "gameCode",
          "in" : "path",
          "required" : true,
          "schema" : {
            "type" : "string"
          }
        } ],
        "requestBody" : {
          "content" : {
            "application/json" : {
              "schema" : {
                "$ref" : "#/components/schemas/EndEventRequest"
              }
            }
          },
          "required" : true
        },
        "responses" : {
          "200" : {
            "description" : "Event ended",
            "content" : {
              "application/json" : {
                "schema" : {
                  "$ref" : "#/components/schemas/GameStateResponse"
                }
              }
            }
          },
          "403" : {
            "description" : "Not the host",
            "content" : {
              "application/json" : {
                "schema" : {
                  "$ref" : "#/components/schemas/ErrorResponse"
                }
              }
            }
          },
          "404" : {
            "description" : "Game not found",
            "content" : {
              "application/json" : {
                "schema" : {
                  "$ref" : "#/components/schemas/ErrorResponse"
                }
              }
            }
          }
        }
      }
    },
    "/api/v1/games/{gameCode}/complete" : {
      "post" : {
        "tags" : [ "game-controller" ],
        "operationId" : "completeGame-fOdNj2Q",
        "parameters" : [ {
          "name" : "gameCode",
          "in" : "path",
          "required" : true,
          "schema" : {
            "type" : "string"
          }
        } ],
        "requestBody" : {
          "content" : {
            "application/json" : {
              "schema" : {
                "$ref" : "#/components/schemas/CompleteGameRequest"
              }
            }
          },
          "required" : true
        },
        "responses" : {
          "200" : {
            "description" : "Game completed",
            "content" : {
              "application/json" : {
                "schema" : {
                  "$ref" : "#/components/schemas/GameStateResponse"
                }
              }
            }
          },
          "403" : {
            "description" : "Not the host",
            "content" : {
              "application/json" : {
                "schema" : {
                  "$ref" : "#/components/schemas/ErrorResponse"
                }
              }
            }
          },
          "404" : {
            "description" : "Game not found",
            "content" : {
              "application/json" : {
                "schema" : {
                  "$ref" : "#/components/schemas/ErrorResponse"
                }
              }
            }
          },
          "409" : {
            "description" : "Game already completed",
            "content" : {
              "application/json" : {
                "schema" : {
                  "$ref" : "#/components/schemas/ErrorResponse"
                }
              }
            }
          },
          "500" : {
            "description" : "Internal Server Error",
            "content" : {
              "application/json" : {
                "schema" : {
                  "$ref" : "#/components/schemas/ErrorResponse"
                }
              }
            }
          }
        }
      }
    },
    "/api/v1/games/{code}/pubs" : {
      "post" : {
        "tags" : [ "game-controller" ],
        "operationId" : "setPubs",
        "parameters" : [ {
          "name" : "code",
          "in" : "path",
          "required" : true,
          "schema" : {
            "type" : "string"
          }
        } ],
        "requestBody" : {
          "content" : {
            "application/json" : {
              "schema" : {
                "$ref" : "#/components/schemas/SetPubsRequest"
              }
            }
          },
          "required" : true
        },
        "responses" : {
          "200" : {
            "description" : "OK",
            "content" : {
              "*/*" : {
                "schema" : {
                  "type" : "object"
                }
              }
            }
          }
        }
      }
    },
    "/api/v1/places/search" : {
      "get" : {
        "tags" : [ "places-controller" ],
        "operationId" : "search",
        "parameters" : [ {
          "name" : "q",
          "in" : "query",
          "required" : true,
          "schema" : {
            "type" : "string"
          }
        }, {
          "name" : "lat",
          "in" : "query",
          "required" : false,
          "schema" : {
            "type" : "number",
            "format" : "double"
          }
        }, {
          "name" : "lng",
          "in" : "query",
          "required" : false,
          "schema" : {
            "type" : "number",
            "format" : "double"
          }
        } ],
        "responses" : {
          "200" : {
            "description" : "OK",
            "content" : {
              "*/*" : {
                "schema" : {
                  "type" : "object"
                }
              }
            }
          }
        }
      }
    },
    "/api/v1/games/{gameCode}" : {
      "get" : {
        "tags" : [ "game-controller" ],
        "operationId" : "gameState-L7I0Y1Y",
        "parameters" : [ {
          "name" : "gameCode",
          "in" : "path",
          "required" : true,
          "schema" : {
            "type" : "string"
          }
        } ],
        "responses" : {
          "200" : {
            "description" : "Game state",
            "content" : {
              "application/json" : {
                "schema" : {
                  "$ref" : "#/components/schemas/GameStateResponse"
                }
              }
            }
          },
          "400" : {
            "description" : "Invalid argument",
            "content" : {
              "application/json" : {
                "schema" : {
                  "$ref" : "#/components/schemas/ErrorResponse"
                }
              }
            }
          },
          "404" : {
            "description" : "Game not found",
            "content" : {
              "application/json" : {
                "schema" : {
                  "$ref" : "#/components/schemas/ErrorResponse"
                }
              }
            }
          },
          "500" : {
            "description" : "Internal Server Error",
            "content" : {
              "application/json" : {
                "schema" : {
                  "$ref" : "#/components/schemas/ErrorResponse"
                }
              }
            }
          }
        }
      }
    },
    "/api/v1/games/{gameCode}/events" : {
      "get" : {
        "tags" : [ "game-controller" ],
        "operationId" : "getAvailableEvents-L7I0Y1Y",
        "parameters" : [ {
          "name" : "gameCode",
          "in" : "path",
          "required" : true,
          "schema" : {
            "type" : "string"
          }
        } ],
        "responses" : {
          "200" : {
            "description" : "Available events",
            "content" : {
              "application/json" : {
                "schema" : {
                  "$ref" : "#/components/schemas/EventsResponse"
                }
              }
            }
          }
        }
      }
    },
    "/api/v1/games/{gameCode}/events/active" : {
      "get" : {
        "tags" : [ "game-controller" ],
        "operationId" : "getActiveEvent-L7I0Y1Y",
        "parameters" : [ {
          "name" : "gameCode",
          "in" : "path",
          "required" : true,
          "schema" : {
            "type" : "string"
          }
        } ],
        "responses" : {
          "200" : {
            "description" : "Current active event",
            "content" : {
              "application/json" : {
                "schema" : {
                  "$ref" : "#/components/schemas/ActiveEventStateResponse"
                }
              }
            }
          },
          "404" : {
            "description" : "Game not found",
            "content" : {
              "application/json" : {
                "schema" : {
                  "$ref" : "#/components/schemas/ErrorResponse"
                }
              }
            }
          }
        }
      }
    },
    "/api/v1/games/{code}/route" : {
      "get" : {
        "tags" : [ "game-controller" ],
        "operationId" : "getRoute",
        "parameters" : [ {
          "name" : "code",
          "in" : "path",
          "required" : true,
          "schema" : {
            "type" : "string"
          }
        } ],
        "responses" : {
          "200" : {
            "description" : "OK",
            "content" : {
              "*/*" : {
                "schema" : {
                  "type" : "object"
                }
              }
            }
          }
        }
      }
    },
    "/api/v1/games/routes" : {
      "get" : {
        "tags" : [ "game-controller" ],
        "operationId" : "routes",
        "responses" : {
          "200" : {
            "description" : "Drink routes for each hole",
            "content" : {
              "application/json" : {
                "schema" : {
                  "$ref" : "#/components/schemas/RoutesResponse"
                }
              }
            }
          }
        }
      }
    },
    "/api/v1/games/randomise-options" : {
      "get" : {
        "tags" : [ "game-controller" ],
        "operationId" : "wheelOptions",
        "responses" : {
          "200" : {
            "description" : "Wheel options",
            "content" : {
              "application/json" : {
                "schema" : {
                  "$ref" : "#/components/schemas/OutcomesResponse"
                }
              }
            }
          }
        }
      }
    },
    "/api/v1/games/penalty-options" : {
      "get" : {
        "tags" : [ "game-controller" ],
        "operationId" : "penaltyOptions",
        "responses" : {
          "200" : {
            "description" : "Penalty options",
            "content" : {
              "application/json" : {
                "schema" : {
                  "$ref" : "#/components/schemas/PenaltyOptionsResponse"
                }
              }
            }
          }
        }
      }
    }
  },
  "components" : {
    "schemas" : {
      "GameRequest" : {
        "type" : "object",
        "properties" : {
          "host" : {
            "type" : "string",
            "minLength" : 1
          }
        },
        "required" : [ "host" ]
      },
      "CreateGameResponse" : {
        "type" : "object",
        "properties" : {
          "gameId" : {
            "type" : "string",
            "format" : "uuid"
          },
          "gameCode" : {
            "type" : "string"
          },
          "playerId" : {
            "type" : "string",
            "format" : "uuid"
          },
          "playerName" : {
            "type" : "string"
          }
        },
        "required" : [ "gameCode", "gameId", "playerId", "playerName" ]
      },
      "ErrorResponse" : {
        "type" : "object",
        "properties" : {
          "message" : {
            "type" : "string"
          }
        },
        "required" : [ "message" ]
      },
      "ScoreRequest" : {
        "type" : "object",
        "properties" : {
          "hole" : {
            "type" : "integer",
            "format" : "int32",
            "maximum" : 9,
            "minimum" : 1
          },
          "score" : {
            "type" : "integer",
            "format" : "int32",
            "maximum" : 10,
            "minimum" : -10
          },
          "penaltyType" : {
            "type" : "string",
            "enum" : [ "SKIP", "CHUNDER" ]
          }
        },
        "required" : [ "hole", "score" ]
      },
      "RandomiseResponse" : {
        "type" : "object",
        "properties" : {
          "result" : {
            "type" : "string"
          },
          "hole" : {
            "type" : "integer",
            "format" : "int32"
          }
        },
        "required" : [ "hole", "result" ]
      },
      "GameJoinRequest" : {
        "type" : "object",
        "properties" : {
          "name" : {
            "type" : "string",
            "minLength" : 1
          }
        },
        "required" : [ "name" ]
      },
      "JoinGameResponse" : {
        "type" : "object",
        "properties" : {
          "gameId" : {
            "type" : "string",
            "format" : "uuid"
          },
          "gameCode" : {
            "type" : "string"
          },
          "playerId" : {
            "type" : "string",
            "format" : "uuid"
          },
          "playerName" : {
            "type" : "string"
          }
        },
        "required" : [ "gameCode", "gameId", "playerId", "playerName" ]
      },
      "ActivateEventRequest" : {
        "type" : "object",
        "properties" : {
          "playerId" : {
            "type" : "string",
            "format" : "uuid"
          }
        },
        "required" : [ "playerId" ]
      },
      "ActiveEventResponse" : {
        "type" : "object",
        "properties" : {
          "id" : {
            "type" : "string"
          },
          "title" : {
            "type" : "string"
          },
          "description" : {
            "type" : "string"
          },
          "activatedAt" : {
            "type" : "string",
            "format" : "date-time"
          }
        },
        "required" : [ "activatedAt", "description", "id", "title" ]
      },
      "GameStateResponse" : {
        "type" : "object",
        "properties" : {
          "gameId" : {
            "type" : "string",
            "format" : "uuid"
          },
          "gameCode" : {
            "type" : "string"
          },
          "status" : {
            "type" : "string",
            "enum" : [ "ACTIVE", "COMPLETED" ]
          },
          "hostPlayerId" : {
            "type" : "string",
            "format" : "uuid"
          },
          "players" : {
            "type" : "array",
            "items" : {
              "$ref" : "#/components/schemas/PlayerResponse"
            }
          },
          "activeEvent" : {
            "$ref" : "#/components/schemas/ActiveEventResponse"
          }
        },
        "required" : [ "gameCode", "gameId", "players", "status" ]
      },
      "PenaltyResponse" : {
        "type" : "object",
        "properties" : {
          "hole" : {
            "type" : "integer",
            "format" : "int32"
          },
          "type" : {
            "type" : "string"
          },
          "points" : {
            "type" : "integer",
            "format" : "int32"
          }
        },
        "required" : [ "hole", "points", "type" ]
      },
      "PlayerResponse" : {
        "type" : "object",
        "properties" : {
          "id" : {
            "type" : "string",
            "format" : "uuid"
          },
          "name" : {
            "type" : "string"
          },
          "scores" : {
            "type" : "array",
            "items" : {
              "$ref" : "#/components/schemas/Score"
            }
          },
          "totalScore" : {
            "type" : "integer",
            "format" : "int32"
          },
          "randomise" : {
            "$ref" : "#/components/schemas/RandomiseOutcomeResponse"
          },
          "penalties" : {
            "type" : "array",
            "items" : {
              "$ref" : "#/components/schemas/PenaltyResponse"
            }
          }
        },
        "required" : [ "id", "name", "penalties", "scores", "totalScore" ]
      },
      "RandomiseOutcomeResponse" : {
        "type" : "object",
        "properties" : {
          "hole" : {
            "type" : "integer",
            "format" : "int32"
          },
          "result" : {
            "type" : "string"
          }
        },
        "required" : [ "hole", "result" ]
      },
      "Score" : {
        "type" : "object",
        "properties" : {
          "value" : {
            "type" : "integer",
            "format" : "int32"
          }
        },
        "required" : [ "value" ]
      },
      "EndEventRequest" : {
        "type" : "object",
        "properties" : {
          "playerId" : {
            "type" : "string",
            "format" : "uuid"
          }
        },
        "required" : [ "playerId" ]
      },
      "CompleteGameRequest" : {
        "type" : "object",
        "properties" : {
          "playerId" : {
            "type" : "string",
            "format" : "uuid"
          }
        },
        "required" : [ "playerId" ]
      },
      "PubDto" : {
        "type" : "object",
        "properties" : {
          "name" : {
            "type" : "string",
            "minLength" : 1
          },
          "latitude" : {
            "type" : "number",
            "format" : "double",
            "maximum" : 90,
            "minimum" : -90
          },
          "longitude" : {
            "type" : "number",
            "format" : "double",
            "maximum" : 180,
            "minimum" : -180
          }
        },
        "required" : [ "latitude", "longitude", "name" ]
      },
      "SetPubsRequest" : {
        "type" : "object",
        "properties" : {
          "pubs" : {
            "type" : "array",
            "items" : {
              "$ref" : "#/components/schemas/PubDto"
            },
            "maxItems" : 9,
            "minItems" : 9
          },
          "playerId" : {
            "type" : "string",
            "format" : "uuid"
          }
        },
        "required" : [ "playerId", "pubs" ]
      },
      "EventResponse" : {
        "type" : "object",
        "properties" : {
          "id" : {
            "type" : "string"
          },
          "title" : {
            "type" : "string"
          },
          "description" : {
            "type" : "string"
          }
        },
        "required" : [ "description", "id", "title" ]
      },
      "EventsResponse" : {
        "type" : "object",
        "properties" : {
          "events" : {
            "type" : "array",
            "items" : {
              "$ref" : "#/components/schemas/EventResponse"
            }
          }
        },
        "required" : [ "events" ]
      },
      "ActiveEventStateResponse" : {
        "type" : "object",
        "properties" : {
          "activeEvent" : {
            "$ref" : "#/components/schemas/ActiveEventResponse"
          }
        }
      },
      "HoleResponse" : {
        "type" : "object",
        "properties" : {
          "hole" : {
            "type" : "integer",
            "format" : "int32"
          },
          "par" : {
            "type" : "integer",
            "format" : "int32"
          },
          "drinks" : {
            "type" : "object",
            "additionalProperties" : {
              "type" : "string"
            }
          }
        },
        "required" : [ "drinks", "hole", "par" ]
      },
      "RoutesResponse" : {
        "type" : "object",
        "properties" : {
          "holes" : {
            "type" : "array",
            "items" : {
              "$ref" : "#/components/schemas/HoleResponse"
            }
          }
        },
        "required" : [ "holes" ]
      },
      "OutcomeResponse" : {
        "type" : "object",
        "properties" : {
          "option" : {
            "type" : "string"
          },
          "optionSize" : {
            "type" : "integer",
            "format" : "int32"
          }
        },
        "required" : [ "option", "optionSize" ]
      },
      "OutcomesResponse" : {
        "type" : "object",
        "properties" : {
          "options" : {
            "type" : "array",
            "items" : {
              "$ref" : "#/components/schemas/OutcomeResponse"
            }
          }
        },
        "required" : [ "options" ]
      },
      "PenaltyOptionResponse" : {
        "type" : "object",
        "properties" : {
          "type" : {
            "type" : "string"
          },
          "name" : {
            "type" : "string"
          },
          "points" : {
            "type" : "integer",
            "format" : "int32"
          }
        },
        "required" : [ "name", "points", "type" ]
      },
      "PenaltyOptionsResponse" : {
        "type" : "object",
        "properties" : {
          "penalties" : {
            "type" : "array",
            "items" : {
              "$ref" : "#/components/schemas/PenaltyOptionResponse"
            }
          }
        },
        "required" : [ "penalties" ]
      }
    }
  }
}